| test.c:11:16:11:18 | buf | This pointer may have already been cleared in the line 10. |
| test.c:18:8:18:10 | buf | This pointer may have already been cleared in the line 17. |
| test.c:57:8:57:10 | buf | This pointer may have already been cleared in the line 55. |
| test.c:78:8:78:10 | buf | This pointer may have already been cleared in the line 77. |
| test.c:102:18:102:20 | buf | This pointer may have already been cleared in the line 101. |
| test.c:110:10:110:12 | buf | This pointer may have already been cleared in the line 109. |
| test.c:127:10:127:12 | buf | This pointer may have already been cleared in the line 127. |
